// Jest Snapshot v1, https://goo.gl/fbAQLP

exports[`Link renders correctly 1`] = `
<a
  href="/"
  onClick={[Function]}
  onMouseEnter={[Function]}
>
  Ссылка на страницу
</a>
`;
